C51 COMPILER V9.60.0.0   LED2                                                              08/19/2020 03:14:13 PAGE 1   


C51 COMPILER V9.60.0.0, COMPILATION OF MODULE LED2
OBJECT MODULE PLACED IN .\Objects\led2.obj
COMPILER INVOKED BY: C:\Keil_v5\C51\BIN\C51.EXE led2.c OPTIMIZE(8,SPEED) BROWSE DEBUG OBJECTEXTEND PRINT(.\Listings\led2
                    -.lst) TABS(2) OBJECT(.\Objects\led2.obj)

line level    source

   1          #include<regx51.h>
   2          sbit led1=P2^0;
   3          sbit led2=P2^1;
   4          void delay(){
   5   1        int i,j;
   6   1        for(i=0;i<1000;i++);
   7   1        for(j=0;j<100;j++);
   8   1      }
   9          void main(){
  10   1        while(1){
  11   2          led1=0;
  12   2          led2=1;
  13   2          delay();
  14   2          led1=1;
  15   2          led2=0;
  16   2          delay();
  17   2        }
  18   1      }


MODULE INFORMATION:   STATIC OVERLAYABLE
   CODE SIZE        =     45    ----
   CONSTANT SIZE    =   ----    ----
   XDATA SIZE       =   ----    ----
   PDATA SIZE       =   ----    ----
   DATA SIZE        =   ----    ----
   IDATA SIZE       =   ----    ----
   BIT SIZE         =   ----    ----
END OF MODULE INFORMATION.


C51 COMPILATION COMPLETE.  0 WARNING(S),  0 ERROR(S)
